2025-08-18 18:04:00 | WARN | repo=esp-idf | action=test | passed=true
2025-02-08 09:35:00 | DEBUG | repo=esp-idf | action=edit | files=1
2025-06-11 08:40:00 | WARN | repo=esp-idf | action=commit
2025-09-08 20:06:00 | INFO | repo=esp-idf | action=commit
2025-06-02 07:01:00 | DEBUG | repo=esp-idf | action=commit
2025-10-24 21:20:00 | WARN | repo=esp-idf | action=test | passed=true
2025-12-28 07:32:00 | WARN | repo=esp-idf | action=test | passed=true
2025-07-21 16:51:00 | DEBUG | repo=esp-idf | action=commit
2025-01-16 19:10:00 | INFO | repo=esp-idf | action=commit
2025-01-07 12:59:00 | WARN | repo=esp-idf | action=edit | files=5
2025-07-11 20:32:00 | DEBUG | repo=esp-idf | action=test | passed=true
2025-05-24 16:53:00 | WARN | repo=esp-idf | action=commit
2025-05-15 19:38:00 | DEBUG | repo=esp-idf | action=commit
2025-06-24 12:45:00 | DEBUG | repo=esp-idf | action=commit
2025-01-21 21:21:00 | DEBUG | repo=esp-idf | action=commit
2025-03-02 20:33:00 | DEBUG | repo=esp-idf | action=commit
2025-04-02 19:06:00 | WARN | repo=esp-idf | action=edit | files=5
2025-11-11 11:47:00 | INFO | repo=esp-idf | action=commit
2025-07-25 18:22:00 | WARN | repo=esp-idf | action=commit
2025-06-27 08:54:00 | WARN | repo=esp-idf | action=commit
2025-09-05 20:48:00 | WARN | repo=esp-idf | action=commit
2025-05-03 20:27:00 | DEBUG | repo=esp-idf | action=commit
2025-02-27 21:51:00 | WARN | repo=esp-idf | action=commit
2025-06-08 10:06:00 | DEBUG | repo=esp-idf | action=test | passed=true
2025-04-01 18:12:00 | WARN | repo=esp-idf | action=commit
